ok   OAI.Computability.FourierCircuit.AmplificationMaster
ok   OAI.Computability.FourierCircuit.Boundary
ok   OAI.Computability.FourierCircuit.BoundaryActiveCircuit
ok   OAI.Computability.FourierCircuit.CascadeLimit
ok   OAI.Computability.FourierCircuit.CascadeWord
ok   OAI.Computability.FourierCircuit.CircuitCost
ok   OAI.Computability.FourierCircuit.CircuitExtensions
ok   OAI.Computability.FourierCircuit.ClearedCircuit
ok   OAI.Computability.FourierCircuit.ComparisonRename
ok   OAI.Computability.FourierCircuit.Core
ok   OAI.Computability.FourierCircuit.DiagonalBlocks
ok   OAI.Computability.FourierCircuit.DisplacementKernel
ok   OAI.Computability.FourierCircuit.FFTCircuit
ok   OAI.Computability.FourierCircuit.FiniteSeparation
ok   OAI.Computability.FourierCircuit.GraphBlocks
ok   OAI.Computability.FourierCircuit.InventoryValidity
ok   OAI.Computability.FourierCircuit.LinearDAG
ok   OAI.Computability.FourierCircuit.LiveSectors
ok   OAI.Computability.FourierCircuit.Main
ok   OAI.Computability.FourierCircuit.MatrixRelabel
ok   OAI.Computability.FourierCircuit.MonomialFeedback
ok   OAI.Computability.FourierCircuit.MonomialTools
ok   OAI.Computability.FourierCircuit.MultiWord
ok   OAI.Computability.FourierCircuit.PackedSchedule
ok   OAI.Computability.FourierCircuit.PairFamilies
ok   OAI.Computability.FourierCircuit.ParameterAlgebra
ok   OAI.Computability.FourierCircuit.PiTensor
ok   OAI.Computability.FourierCircuit.PivotAlgebra
ok   OAI.Computability.FourierCircuit.PivotJoin
ok   OAI.Computability.FourierCircuit.PolynomialClearing
ok   OAI.Computability.FourierCircuit.PortMatrices
ok   OAI.Computability.FourierCircuit.PositiveReach
ok   OAI.Computability.FourierCircuit.Prices
ok   OAI.Computability.FourierCircuit.RationalClearing
ok   OAI.Computability.FourierCircuit.RawPositive
ok   OAI.Computability.FourierCircuit.RawWordBound
ok   OAI.Computability.FourierCircuit.RectStableAlgebra
ok   OAI.Computability.FourierCircuit.Shears
ok   OAI.Computability.FourierCircuit.SignedPrice
ok   OAI.Computability.FourierCircuit.SlotAssembly
ok   OAI.Computability.FourierCircuit.SparseShear
ok   OAI.Computability.FourierCircuit.SparseSpectral
ok   OAI.Computability.FourierCircuit.StreamSeries
ok   OAI.Computability.FourierCircuit.SumFramed
ok   OAI.Computability.FourierCircuit.SymmetricLaplacian
ok   OAI.Computability.FourierCircuit.TensorCostAlgebra
ok   OAI.Computability.FourierCircuit.TensorTools
ok   OAI.Computability.FourierCircuit.ToeplitzCross
ok   OAI.Computability.FourierCircuit.Triangular
ok   OAI.Computability.FourierCircuit.WordScheduling
ok   OAI.Computability.FourierCircuit.Words
ok   NccCert.Check
ok   NccCert.Code
ok   NccCert.ExactFourierDefs
ok   NccCert.Flow
ok   NccCert.Fourier
ok   NccCert.Graph
ok   NccCert.LDag
ok   NccCert.Main
ok   NccCert.ShiftCode
ok   NccCert.Specialize
ok   NccCert.Statement
ok   NccCert.Unconditional
overall fail=0
